<?xml version="1.0" encoding="UTF-8"?>
<testsuites>
  <testsuite name="/opt/lampp/htdocs/RedForce/phpunit.xml" tests="10" assertions="25" errors="0" failures="0" skipped="0" time="0.589673">
    <testsuite name="Unit" tests="10" assertions="25" errors="0" failures="0" skipped="0" time="0.589673">
      <testsuite name="Tests\Unit\Models\UserTest" file="/opt/lampp/htdocs/RedForce/tests/Unit/Models/UserTest.php" tests="10" assertions="25" errors="0" failures="0" skipped="0" time="0.589673">
        <testcase name="testGetUsersReturnsResultset" file="/opt/lampp/htdocs/RedForce/tests/Unit/Models/UserTest.php" line="32" class="Tests\Unit\Models\UserTest" classname="Tests.Unit.Models.UserTest" assertions="3" time="0.001469"/>
        <testcase name="testFindUserByUserIDFound" file="/opt/lampp/htdocs/RedForce/tests/Unit/Models/UserTest.php" line="48" class="Tests\Unit\Models\UserTest" classname="Tests.Unit.Models.UserTest" assertions="5" time="0.000491"/>
        <testcase name="testFindUserByUserIDNotFound" file="/opt/lampp/htdocs/RedForce/tests/Unit/Models/UserTest.php" line="65" class="Tests\Unit\Models\UserTest" classname="Tests.Unit.Models.UserTest" assertions="5" time="0.000471"/>
        <testcase name="testLoginAuthenticatesWithCorrectPassword" file="/opt/lampp/htdocs/RedForce/tests/Unit/Models/UserTest.php" line="82" class="Tests\Unit\Models\UserTest" classname="Tests.Unit.Models.UserTest" assertions="1" time="0.117885"/>
        <testcase name="testLoginReturnsFalseWithWrongPassword" file="/opt/lampp/htdocs/RedForce/tests/Unit/Models/UserTest.php" line="97" class="Tests\Unit\Models\UserTest" classname="Tests.Unit.Models.UserTest" assertions="1" time="0.115900"/>
        <testcase name="testCreateUserReturnsTrueOnSuccess" file="/opt/lampp/htdocs/RedForce/tests/Unit/Models/UserTest.php" line="108" class="Tests\Unit\Models\UserTest" classname="Tests.Unit.Models.UserTest" assertions="3" time="0.062084"/>
        <testcase name="testUpdatePasswordValidatesCurrentAndUpdates" file="/opt/lampp/htdocs/RedForce/tests/Unit/Models/UserTest.php" line="127" class="Tests\Unit\Models\UserTest" classname="Tests.Unit.Models.UserTest" assertions="2" time="0.168183"/>
        <testcase name="testUpdatePasswordFailsWithWrongCurrentPassword" file="/opt/lampp/htdocs/RedForce/tests/Unit/Models/UserTest.php" line="141" class="Tests\Unit\Models\UserTest" classname="Tests.Unit.Models.UserTest" assertions="1" time="0.121709"/>
        <testcase name="testRegisterCommitsOnSuccess" file="/opt/lampp/htdocs/RedForce/tests/Unit/Models/UserTest.php" line="151" class="Tests\Unit\Models\UserTest" classname="Tests.Unit.Models.UserTest" assertions="2" time="0.000744"/>
        <testcase name="testRegisterReturnsFalseOnFailure" file="/opt/lampp/htdocs/RedForce/tests/Unit/Models/UserTest.php" line="164" class="Tests\Unit\Models\UserTest" classname="Tests.Unit.Models.UserTest" assertions="2" time="0.000738">
          <system-out>User registration error: Failed to insert user
</system-out>
        </testcase>
      </testsuite>
    </testsuite>
  </testsuite>
</testsuites>
